<html>
<body>
<pre>
<h1>µVision Build Log</h1>
<h2>Tool Versions:</h2>
IDE-Version: µVision V5.29.0.0
Copyright (C) 2019 ARM Ltd and ARM Germany GmbH. All rights reserved.
License Information: Hatice Nur Agba, Abdullah Gul University, LIC=----
 
Tool Versions:
Toolchain:       MDK-Lite  Version: 5.29.0.0
Toolchain Path:  C:\Keil_v5\ARM\ARMCC\Bin
C Compiler:      Armcc.exe V5.06 update 6 (build 750)
Assembler:       Armasm.exe V5.06 update 6 (build 750)
Linker/Locator:  ArmLink.exe V5.06 update 6 (build 750)
Library Manager: ArmAr.exe V5.06 update 6 (build 750)
Hex Converter:   FromElf.exe V5.06 update 6 (build 750)
CPU DLL:         SARMCM3.DLL V5.29.0.0
Dialog DLL:      DCM.DLL V1.17.3.0
Target DLL:      STLink\ST-LINKIII-KEIL_SWO.dll V3.0.7.0
Dialog DLL:      TCM.DLL V1.36.5.0
 
<h2>Project:</h2>
C:\Users\Hatice Nur\Documents\final\MDK-ARM\final.uvprojx
Project File Date:  06/04/2020

<h2>Output:</h2>
*** Using Compiler 'V5.06 update 6 (build 750)', folder: 'C:\Keil_v5\ARM\ARMCC\Bin'
Build target 'final'
compiling main.c...
../Src/main.c(242): warning:  #188-D: enumerated type mixed with another type
  	HAL_GPIO_WritePin(GPIOA, _1A_Pin, matrix[0][0]);
../Src/main.c(243): warning:  #188-D: enumerated type mixed with another type
  	HAL_GPIO_WritePin(GPIOA, _1B_Pin, matrix[0][1]);
../Src/main.c(244): warning:  #188-D: enumerated type mixed with another type
  	HAL_GPIO_WritePin(GPIOA, _1C_Pin, matrix[0][2]);
../Src/main.c(245): warning:  #188-D: enumerated type mixed with another type
  	HAL_GPIO_WritePin(GPIOA, _1D_Pin, matrix[0][3]);
../Src/main.c(246): warning:  #188-D: enumerated type mixed with another type
  	HAL_GPIO_WritePin(GPIOA, _1E_Pin, matrix[0][4]);
../Src/main.c(249): warning:  #188-D: enumerated type mixed with another type
  	HAL_GPIO_WritePin(GPIOA, _2A_Pin, matrix[1][0]);
../Src/main.c(250): warning:  #188-D: enumerated type mixed with another type
  	HAL_GPIO_WritePin(GPIOA, _2B_Pin, matrix[1][1]);
../Src/main.c(251): warning:  #188-D: enumerated type mixed with another type
  	HAL_GPIO_WritePin(GPIOA, _2C_Pin, matrix[1][2]);
../Src/main.c(252): warning:  #188-D: enumerated type mixed with another type
  	HAL_GPIO_WritePin(GPIOA, _2D_Pin, matrix[1][3]);
../Src/main.c(253): warning:  #188-D: enumerated type mixed with another type
  	HAL_GPIO_WritePin(GPIOA, _2E_Pin, matrix[1][4]);
../Src/main.c(256): warning:  #188-D: enumerated type mixed with another type
  	HAL_GPIO_WritePin(GPIOA, _3A_Pin, matrix[2][0]);
../Src/main.c(257): warning:  #188-D: enumerated type mixed with another type
  	HAL_GPIO_WritePin(GPIOA, _3B_Pin, matrix[2][1]);
../Src/main.c(258): warning:  #188-D: enumerated type mixed with another type
  	HAL_GPIO_WritePin(GPIOA, _3C_Pin, matrix[2][2]);
../Src/main.c(259): warning:  #188-D: enumerated type mixed with another type
  	HAL_GPIO_WritePin(GPIOA, _3D_Pin, matrix[2][3]);
../Src/main.c(260): warning:  #188-D: enumerated type mixed with another type
  	HAL_GPIO_WritePin(GPIOA, _3E_Pin, matrix[2][4]);
../Src/main.c(263): warning:  #188-D: enumerated type mixed with another type
  	HAL_GPIO_WritePin(GPIOB, _4A_Pin, matrix[3][0]);
../Src/main.c(264): warning:  #188-D: enumerated type mixed with another type
  	HAL_GPIO_WritePin(GPIOB, _4B_Pin, matrix[3][1]);
../Src/main.c(265): warning:  #188-D: enumerated type mixed with another type
  	HAL_GPIO_WritePin(GPIOB, _4C_Pin, matrix[3][2]);
../Src/main.c(266): warning:  #188-D: enumerated type mixed with another type
  	HAL_GPIO_WritePin(GPIOB, _4D_Pin, matrix[3][3]);
../Src/main.c(267): warning:  #188-D: enumerated type mixed with another type
  	HAL_GPIO_WritePin(GPIOB, _4E_Pin, matrix[3][4]);
../Src/main.c(270): warning:  #188-D: enumerated type mixed with another type
  	HAL_GPIO_WritePin(GPIOB, _5A_Pin, matrix[4][0]);
../Src/main.c(271): warning:  #188-D: enumerated type mixed with another type
  	HAL_GPIO_WritePin(GPIOB, _5B_Pin, matrix[4][1]);
../Src/main.c(272): warning:  #188-D: enumerated type mixed with another type
  	HAL_GPIO_WritePin(GPIOB, _5C_Pin, matrix[4][2]);
../Src/main.c(273): warning:  #188-D: enumerated type mixed with another type
  	HAL_GPIO_WritePin(GPIOB, _5D_Pin, matrix[4][3]);
../Src/main.c(274): warning:  #188-D: enumerated type mixed with another type
  	HAL_GPIO_WritePin(GPIOB, _5E_Pin, matrix[4][4]);
../Src/main.c(277): warning:  #188-D: enumerated type mixed with another type
  	HAL_GPIO_WritePin(GPIOB, _6A_Pin, matrix[5][0]);
../Src/main.c(278): warning:  #188-D: enumerated type mixed with another type
  	HAL_GPIO_WritePin(GPIOB, _6B_Pin, matrix[5][1]);
../Src/main.c(279): warning:  #188-D: enumerated type mixed with another type
  	HAL_GPIO_WritePin(GPIOB, _6C_Pin, matrix[5][2]);
../Src/main.c(280): warning:  #188-D: enumerated type mixed with another type
  	HAL_GPIO_WritePin(GPIOB, _6D_Pin, matrix[5][3]);
../Src/main.c(281): warning:  #188-D: enumerated type mixed with another type
  	HAL_GPIO_WritePin(GPIOB, _6E_Pin, matrix[5][4]);
../Src/main.c(284): warning:  #188-D: enumerated type mixed with another type
  	HAL_GPIO_WritePin(GPIOB, _7A_Pin, matrix[6][0]);
../Src/main.c(285): warning:  #188-D: enumerated type mixed with another type
  	HAL_GPIO_WritePin(GPIOC, _7B_Pin, matrix[6][1]);
../Src/main.c(286): warning:  #188-D: enumerated type mixed with another type
  	HAL_GPIO_WritePin(GPIOC, _7C_Pin, matrix[6][2]);
../Src/main.c(287): warning:  #188-D: enumerated type mixed with another type
  	HAL_GPIO_WritePin(GPIOC, _7D_Pin, matrix[6][3]);
../Src/main.c(288): warning:  #188-D: enumerated type mixed with another type
  	HAL_GPIO_WritePin(GPIOC, _7E_Pin, matrix[6][4]);
../Src/main.c(291): warning:  #188-D: enumerated type mixed with another type
  	HAL_GPIO_WritePin(GPIOC, _8A_Pin, matrix[7][0]);
../Src/main.c(292): warning:  #188-D: enumerated type mixed with another type
  	HAL_GPIO_WritePin(GPIOC, _8B_Pin, matrix[7][1]);
../Src/main.c(293): warning:  #188-D: enumerated type mixed with another type
  	HAL_GPIO_WritePin(GPIOC, _8C_Pin, matrix[7][2]);
../Src/main.c(294): warning:  #188-D: enumerated type mixed with another type
  	HAL_GPIO_WritePin(GPIOC, _8D_Pin, matrix[7][3]);
../Src/main.c(295): warning:  #188-D: enumerated type mixed with another type
  	HAL_GPIO_WritePin(GPIOC, _8E_Pin, matrix[7][4]);
../Src/main.c: 40 warnings, 0 errors
linking...
Program Size: Code=8020 RO-data=292 RW-data=32 ZI-data=1272  
FromELF: creating hex file...
"final\final.axf" - 0 Error(s), 40 Warning(s).

<h2>Software Packages used:</h2>

Package Vendor: ARM
                http://www.keil.com/pack/ARM.CMSIS.5.6.0.pack
                ARM.CMSIS.5.6.0
                CMSIS (Cortex Microcontroller Software Interface Standard)
   * Component: CORE Version: 5.3.0

Package Vendor: Keil
                http://www.keil.com/pack/Keil.STM32F1xx_DFP.2.3.0.pack
                Keil.STM32F1xx_DFP.2.3.0
                STMicroelectronics STM32F1 Series Device Support, Drivers and Examples

<h2>Collection of Component include folders:</h2>
  .\RTE\_final
  C:\Users\Hatice Nur\AppData\Local\Arm\Packs\ARM\CMSIS\5.6.0\CMSIS\Core\Include
  C:\Users\Hatice Nur\AppData\Local\Arm\Packs\Keil\STM32F1xx_DFP\2.3.0\Device\Include

<h2>Collection of Component Files used:</h2>

   * Component: ARM::CMSIS:CORE:5.3.0
Build Time Elapsed:  00:00:01
</pre>
</body>
</html>
